// Jest Snapshot v1, https://goo.gl/fbAQLP

exports[`RouteListItemPrice should match snapshot 1`] = `
.emotion-0 {
  font-weight: 600;
  font-size: 0.8125em;
  line-height: 0.983125em;
  margin-top: 2px;
  margin-left: 8px;
  margin-right: 8px;
  color: #0f69f0;
}

<div>
  <div
    class="cm-route-price-root emotion-0"
  >
    Â£2.50
  </div>
</div>
`;
